============================= test session starts =============================
platform win32 -- Python 3.13.9, pytest-9.0.2, pluggy-1.6.0 -- C:\Users\35845\Desktop\DIGICISU\projectcarf\.venv\Scripts\python.exe
cachedir: .pytest_cache
rootdir: C:\Users\35845\Desktop\DIGICISU\projectcarf
configfile: pyproject.toml
plugins: anyio-4.12.1, langsmith-0.6.2, asyncio-1.3.0, cov-7.0.0
asyncio: mode=Mode.AUTO, debug=False, asyncio_default_fixture_loop_scope=None, asyncio_default_test_loop_scope=function
collecting ... collected 83 items / 80 deselected / 3 selected
run-last-failure: rerun previous 3 failures (skipped 14 files)

tests/unit/test_api.py::test_query_endpoint FAILED                       [ 33%]
tests/unit/test_developer.py::test_log_rotation FAILED                   [ 66%]
tests/unit/test_developer.py::test_get_state FAILED                      [100%]

================================== FAILURES ===================================
_____________________________ test_query_endpoint _____________________________

client = <starlette.testclient.TestClient object at 0x000001E7DFA0E3C0>

    def test_query_endpoint(client):
        response = client.post("/query", json={"query": "What is 2 + 2?"})
        assert response.status_code == 200
        payload = response.json()
>       assert payload["session_id"]
               ^^^^^^^^^^^^^^^^^^^^^
E       KeyError: 'session_id'

tests\unit\test_api.py:91: KeyError
______________________________ test_log_rotation ______________________________

dev_service = <src.services.developer.DeveloperService object at 0x000001E7DFAD92B0>

    def test_log_rotation(dev_service):
        """Test that logs are rotated when max_logs is exceeded."""
        dev_service._max_logs = 5
    
        # Add 10 logs
        for i in range(10):
            dev_service.log("test", "INFO", f"Message {i}")
    
        # Should only keep the last 5
>       assert len(dev_service._logs) == 5
E       AssertionError: assert 10 == 5
E        +  where 10 = len(deque([LogEntry(timestamp='2026-01-21T22:37:40.266536', level='INFO', layer='test', message='Message 0', metadata=None), LogEntry(timestamp='2026-01-21T22:37:40.266559', level='INFO', layer='test', message='Message 1', metadata=None), LogEntry(timestamp='2026-01-21T22:37:40.266566', level='INFO', layer='test', message='Message 2', metadata=None), LogEntry(timestamp='2026-01-21T22:37:40.266571', level='INFO', layer='test', message='Message 3', metadata=None), LogEntry(timestamp='2026-01-21T22:37:40.266576', level='INFO', layer='test', message='Message 4', metadata=None), LogEntry(timestamp='2026-01-21T22:37:40.266584', level='INFO', layer='test', message='Message 5', metadata=None), LogEntry(timestamp='2026-01-21T22:37:40.266589', level='INFO', layer='test', message='Message 6', metadata=None), LogEntry(timestamp='2026-01-21T22:37:40.266593', level='INFO', layer='test', message='Message 7', metadata=None), LogEntry(timestamp='2026-01-21T22:37:40.266598', level='INFO', layer='test', message='Message 8', metadata=None), LogEntry(timestamp='2026-01-21T22:37:40.266603', level='INFO', layer='test', message='Message 9', metadata=None)], maxlen=100))
E        +    where deque([LogEntry(timestamp='2026-01-21T22:37:40.266536', level='INFO', layer='test', message='Message 0', metadata=None), LogEntry(timestamp='2026-01-21T22:37:40.266559', level='INFO', layer='test', message='Message 1', metadata=None), LogEntry(timestamp='2026-01-21T22:37:40.266566', level='INFO', layer='test', message='Message 2', metadata=None), LogEntry(timestamp='2026-01-21T22:37:40.266571', level='INFO', layer='test', message='Message 3', metadata=None), LogEntry(timestamp='2026-01-21T22:37:40.266576', level='INFO', layer='test', message='Message 4', metadata=None), LogEntry(timestamp='2026-01-21T22:37:40.266584', level='INFO', layer='test', message='Message 5', metadata=None), LogEntry(timestamp='2026-01-21T22:37:40.266589', level='INFO', layer='test', message='Message 6', metadata=None), LogEntry(timestamp='2026-01-21T22:37:40.266593', level='INFO', layer='test', message='Message 7', metadata=None), LogEntry(timestamp='2026-01-21T22:37:40.266598', level='INFO', layer='test', message='Message 8', metadata=None), LogEntry(timestamp='2026-01-21T22:37:40.266603', level='INFO', layer='test', message='Message 9', metadata=None)], maxlen=100) = <src.services.developer.DeveloperService object at 0x000001E7DFAD92B0>._logs

tests\unit\test_developer.py:125: AssertionError
_______________________________ test_get_state ________________________________

dev_service = <src.services.developer.DeveloperService object at 0x000001E7DFAE5BD0>

    def test_get_state(dev_service):
        """Test getting the full developer state."""
        # Set up some state
        dev_service.start_query("session-123", "test query")
        dev_service.start_step("router", "Classify", "input")
        dev_service.log("router", "INFO", "Test log")
        dev_service.record_llm_call()
    
        state = dev_service.get_state()
    
        assert isinstance(state, DeveloperState)
        assert isinstance(state.system, SystemState)
        assert state.system.session_id == "session-123"
        assert state.system.is_processing is True
        assert state.system.llm_calls == 1
    
        assert len(state.architecture) > 0
        assert all(isinstance(layer, ArchitectureLayer) for layer in state.architecture)
    
        assert len(state.execution_timeline) == 1
        assert isinstance(state.execution_timeline[0], ExecutionStep)
    
>       assert len(state.recent_logs) == 1
E       AssertionError: assert 3 == 1
E        +  where 3 = len([LogEntry(timestamp='2026-01-21T22:37:40.278976', level='INFO', layer='router', message='Starting query processing: test query...', metadata=None), LogEntry(timestamp='2026-01-21T22:37:40.279015', level='DEBUG', layer='router', message='Starting: Classify', metadata=None), LogEntry(timestamp='2026-01-21T22:37:40.279024', level='INFO', layer='router', message='Test log', metadata=None)])
E        +    where [LogEntry(timestamp='2026-01-21T22:37:40.278976', level='INFO', layer='router', message='Starting query processing: test query...', metadata=None), LogEntry(timestamp='2026-01-21T22:37:40.279015', level='DEBUG', layer='router', message='Starting: Classify', metadata=None), LogEntry(timestamp='2026-01-21T22:37:40.279024', level='INFO', layer='router', message='Test log', metadata=None)] = DeveloperState(system=SystemState(session_id='session-123', is_processing=True, current_layer='router', last_query='test query', last_domain=None, uptime_seconds=0.0006275177001953125, queries_processed=0, errors_count=0, llm_calls=1, cache_hits=0, cache_misses=0), architecture=[ArchitectureLayer(id='router', name='Cynefin Router', description='Classifies queries into Cynefin domains', components=['Domain Classifier', 'Entropy Calculator', 'Solver Selector'], status='processing', last_activity='2026-01-21T22:37:40.279011'), ArchitectureLayer(id='mesh', name='Agent Mesh', description='Orchestrates domain-specific agents', components=['Causal Analyst', 'Bayesian Explorer', 'Circuit Breaker', 'Human Escalation'], status='idle', last_activity=None), ArchitectureLayer(id='services', name='Analysis Services', description='Core analytical capabilities', components=['DoWhy Causal', 'PyMC Bayesian', 'LLM Integration', 'Dataset Store'], status='idle', last_activity=None), ArchitectureLayer(id='guardian', name='Guardian Layer', description='Policy enforcement and safety checks', components=['Policy Engine', 'Human Layer', 'Audit Trail'], status='idle', last_activity=None)], execution_timeline=[ExecutionStep(step_id='step_0_1769027860278', layer='router', name='Classify', start_time=1769027860.279001, end_time=None, duration_ms=None, status='running', input_summary='input', output_summary=None)], recent_logs=[LogEntry(timestamp='2026-01-21T22:37:40.278976', level='INFO', layer='router', message='Starting query processing: test query...', metadata=None), LogEntry(timestamp='2026-01-21T22:37:40.279015', level='DEBUG', layer='router', message='Starting: Classify', metadata=None), LogEntry(timestamp='2026-01-21T22:37:40.279024', level='INFO', layer='router', message='Test log', metadata=None)]).recent_logs

tests\unit\test_developer.py:173: AssertionError
============================== warnings summary ===============================
tests/unit/test_api.py::test_query_endpoint
tests/unit/test_api.py::test_query_endpoint
tests/unit/test_api.py::test_query_endpoint
tests/unit/test_api.py::test_query_endpoint
tests/unit/test_api.py::test_query_endpoint
  C:\Users\35845\Desktop\DIGICISU\projectcarf\.venv\Lib\site-packages\pydantic\main.py:250: DeprecationWarning: datetime.datetime.utcnow() is deprecated and scheduled for removal in a future version. Use timezone-aware objects to represent datetimes in UTC: datetime.datetime.now(datetime.UTC).
    validated_self = self.__pydantic_validator__.validate_python(data, self_instance=self)

tests/unit/test_api.py::test_query_endpoint
  <frozen _collections_abc>:439: ResourceWarning: unclosed database in <sqlite3.Connection object at 0x000001E7DF96DA80>
  Enable tracemalloc to get traceback where the object was allocated.
  See https://docs.pytest.org/en/stable/how-to/capture-warnings.html#resource-warnings for more info.

tests/unit/test_api.py::test_query_endpoint
tests/unit/test_api.py::test_query_endpoint
tests/unit/test_api.py::test_query_endpoint
  C:\Users\35845\Desktop\DIGICISU\projectcarf\src\core\state.py:264: DeprecationWarning: datetime.datetime.utcnow() is deprecated and scheduled for removal in a future version. Use timezone-aware objects to represent datetimes in UTC: datetime.datetime.now(datetime.UTC).
    self.updated_at = datetime.utcnow()

-- Docs: https://docs.pytest.org/en/stable/how-to/capture-warnings.html
=============================== tests coverage ================================
_______________ coverage: platform win32, python 3.13.9-final-0 _______________

Name                            Stmts   Miss  Cover   Missing
-------------------------------------------------------------
src\__init__.py                     1      0   100%
src\core\__init__.py                3      0   100%
src\core\llm.py                    80     37    54%   40, 54-132, 168-185, 225-250, 260, 265
src\core\state.py                 105      0   100%
src\dashboard\__init__.py           0      0   100%
src\dashboard\app.py              537    537     0%   7-1799
src\main.py                       388    188    52%   44-52, 161, 167-176, 182-183, 279, 294-304, 310-315, 321-329, 335-336, 342-349, 369-376, 384, 387, 410-412, 430-431, 474-478, 486, 498-514, 519-526, 532, 594-618, 639-640, 659-660, 666-682, 688-707, 713-729, 735-749, 767-768, 784-786, 795-810, 824-830, 868-875, 894-903, 922-931, 955-962, 981-990, 998-1001, 1010
src\services\__init__.py            8      0   100%
src\services\bayesian.py          248    173    30%   97-101, 105-109, 127, 131, 135-137, 158-160, 164, 196, 234-245, 249-263, 275-330, 334-337, 355-394, 418-465, 493-499, 523-613, 631-633, 649-722
src\services\causal.py            268    198    26%   117, 132-133, 137-138, 142-146, 150-157, 180-183, 187, 219, 254-320, 332-343, 347-376, 384-397, 401-404, 413-454, 482-549, 563-564, 585-616, 634-638, 648-650, 666-720
src\services\chat.py              124     93    25%   147-149, 160-163, 167-193, 201-266, 275-302, 310-329, 333-345, 355-357
src\services\dataset_store.py     131     79    40%   53, 100-102, 108-130, 133-138, 146-192, 203-227, 230-245, 256-273, 276-279, 288-290
src\services\developer.py         178     60    66%   152-174, 185-199, 203-204, 208-210, 223-238, 274-283, 302, 306, 344-352, 362-364
src\services\explanations.py       82     31    62%   229-231, 242-245, 249-265, 273-303, 307-335, 350-352
src\services\file_analyzer.py     145    105    28%   70-72, 76-86, 104-131, 135-136, 140-159, 163-180, 184-186, 190-195, 199-260, 280-284, 301-303
src\services\human_layer.py       137    106    23%   80-88, 92-109, 126-159, 163, 189-231, 254-304, 324-347, 357-359, 373-386
src\services\kafka_audit.py        78     20    74%   67-83, 109-125, 130-134, 141-143
src\services\neo4j_service.py     159    121    24%   40, 92-94, 98-120, 124-128, 133-137, 141-160, 175-223, 244-304, 315-359, 377-409, 427-442, 458-479, 491-510, 530-544, 555-594, 602-630, 644-646, 652-654
src\services\opa_service.py        56     20    64%   56-58, 61-66, 71-89
src\services\simulation.py        110     67    39%   66-68, 84-162, 178-183, 197-231, 245, 264-275, 285-287
src\tools\__init__.py               0      0   100%
src\utils\__init__.py               0      0   100%
src\utils\cache.py                 39     25    36%   8-19, 40-63
src\utils\resiliency.py            98     55    44%   90, 131-135, 139-142, 146-151, 160-192, 228-232, 253-267
src\workflows\__init__.py           4      0   100%
src\workflows\graph.py            130     57    56%   81-97, 109-126, 134-154, 163-182, 194-196, 202-209, 218-222, 230-236, 242-256, 392, 396-397
src\workflows\guardian.py         161     59    63%   84-89, 93, 121-140, 146, 150, 162, 166, 179, 183, 213-220, 232-241, 253-299, 323, 330, 340, 345-350, 362-363
src\workflows\router.py           160     66    59%   83-84, 99-100, 111-139, 215, 219, 221, 247, 249, 253-255, 264-290, 301-303, 327-338, 342, 348-353
-------------------------------------------------------------
TOTAL                            3430   2097    39%
=========================== short test summary info ===========================
FAILED tests/unit/test_api.py::test_query_endpoint - KeyError: 'session_id'
FAILED tests/unit/test_developer.py::test_log_rotation - AssertionError: assert 10 == 5
 +  where 10 = len(deque([LogEntry(timestamp='2026-01-21T22:37:40.266536', level='INFO', layer='test', message='Message 0', metadata=None), LogEntry(timestamp='2026-01-21T22:37:40.266559', level='INFO', layer='test', message='Message 1', metadata=None), LogEntry(timestamp='2026-01-21T22:37:40.266566', level='INFO', layer='test', message='Message 2', metadata=None), LogEntry(timestamp='2026-01-21T22:37:40.266571', level='INFO', layer='test', message='Message 3', metadata=None), LogEntry(timestamp='2026-01-21T22:37:40.266576', level='INFO', layer='test', message='Message 4', metadata=None), LogEntry(timestamp='2026-01-21T22:37:40.266584', level='INFO', layer='test', message='Message 5', metadata=None), LogEntry(timestamp='2026-01-21T22:37:40.266589', level='INFO', layer='test', message='Message 6', metadata=None), LogEntry(timestamp='2026-01-21T22:37:40.266593', level='INFO', layer='test', message='Message 7', metadata=None), LogEntry(timestamp='2026-01-21T22:37:40.266598', level='INFO', layer='test', message='Message 8', metadata=None), LogEntry(timestamp='2026-01-21T22:37:40.266603', level='INFO', layer='test', message='Message 9', metadata=None)], maxlen=100))
 +    where deque([LogEntry(timestamp='2026-01-21T22:37:40.266536', level='INFO', layer='test', message='Message 0', metadata=None), LogEntry(timestamp='2026-01-21T22:37:40.266559', level='INFO', layer='test', message='Message 1', metadata=None), LogEntry(timestamp='2026-01-21T22:37:40.266566', level='INFO', layer='test', message='Message 2', metadata=None), LogEntry(timestamp='2026-01-21T22:37:40.266571', level='INFO', layer='test', message='Message 3', metadata=None), LogEntry(timestamp='2026-01-21T22:37:40.266576', level='INFO', layer='test', message='Message 4', metadata=None), LogEntry(timestamp='2026-01-21T22:37:40.266584', level='INFO', layer='test', message='Message 5', metadata=None), LogEntry(timestamp='2026-01-21T22:37:40.266589', level='INFO', layer='test', message='Message 6', metadata=None), LogEntry(timestamp='2026-01-21T22:37:40.266593', level='INFO', layer='test', message='Message 7', metadata=None), LogEntry(timestamp='2026-01-21T22:37:40.266598', level='INFO', layer='test', message='Message 8', metadata=None), LogEntry(timestamp='2026-01-21T22:37:40.266603', level='INFO', layer='test', message='Message 9', metadata=None)], maxlen=100) = <src.services.developer.DeveloperService object at 0x000001E7DFAD92B0>._logs
FAILED tests/unit/test_developer.py::test_get_state - AssertionError: assert 3 == 1
 +  where 3 = len([LogEntry(timestamp='2026-01-21T22:37:40.278976', level='INFO', layer='router', message='Starting query processing: test query...', metadata=None), LogEntry(timestamp='2026-01-21T22:37:40.279015', level='DEBUG', layer='router', message='Starting: Classify', metadata=None), LogEntry(timestamp='2026-01-21T22:37:40.279024', level='INFO', layer='router', message='Test log', metadata=None)])
 +    where [LogEntry(timestamp='2026-01-21T22:37:40.278976', level='INFO', layer='router', message='Starting query processing: test query...', metadata=None), LogEntry(timestamp='2026-01-21T22:37:40.279015', level='DEBUG', layer='router', message='Starting: Classify', metadata=None), LogEntry(timestamp='2026-01-21T22:37:40.279024', level='INFO', layer='router', message='Test log', metadata=None)] = DeveloperState(system=SystemState(session_id='session-123', is_processing=True, current_layer='router', last_query='test query', last_domain=None, uptime_seconds=0.0006275177001953125, queries_processed=0, errors_count=0, llm_calls=1, cache_hits=0, cache_misses=0), architecture=[ArchitectureLayer(id='router', name='Cynefin Router', description='Classifies queries into Cynefin domains', components=['Domain Classifier', 'Entropy Calculator', 'Solver Selector'], status='processing', last_activity='2026-01-21T22:37:40.279011'), ArchitectureLayer(id='mesh', name='Agent Mesh', description='Orchestrates domain-specific agents', components=['Causal Analyst', 'Bayesian Explorer', 'Circuit Breaker', 'Human Escalation'], status='idle', last_activity=None), ArchitectureLayer(id='services', name='Analysis Services', description='Core analytical capabilities', components=['DoWhy Causal', 'PyMC Bayesian', 'LLM Integration', 'Dataset Store'], status='idle', last_activity=None), ArchitectureLayer(id='guardian', name='Guardian Layer', description='Policy enforcement and safety checks', components=['Policy Engine', 'Human Layer', 'Audit Trail'], status='idle', last_activity=None)], execution_timeline=[ExecutionStep(step_id='step_0_1769027860278', layer='router', name='Classify', start_time=1769027860.279001, end_time=None, duration_ms=None, status='running', input_summary='input', output_summary=None)], recent_logs=[LogEntry(timestamp='2026-01-21T22:37:40.278976', level='INFO', layer='router', message='Starting query processing: test query...', metadata=None), LogEntry(timestamp='2026-01-21T22:37:40.279015', level='DEBUG', layer='router', message='Starting: Classify', metadata=None), LogEntry(timestamp='2026-01-21T22:37:40.279024', level='INFO', layer='router', message='Test log', metadata=None)]).recent_logs
================ 3 failed, 80 deselected, 9 warnings in 2.18s =================
